// Jest Snapshot v1, https://goo.gl/fbAQLP

exports[`Button changes the class when hovered 1`] = `
<button
  className="sc-bdVaJa gWCEdI"
>
  <div>
    80s Baby
  </div>
</button>
`;
